C:/Users/erhan/Documents/Microver/MarineAppWithCAN/Core/Src/stm32h7xx_hal_msp.c:67:6:HAL_MspInit	16	static
C:/Users/erhan/Documents/Microver/MarineAppWithCAN/Core/Src/stm32h7xx_hal_msp.c:90:6:HAL_CRC_MspInit	8	static
C:/Users/erhan/Documents/Microver/MarineAppWithCAN/Core/Src/stm32h7xx_hal_msp.c:112:6:HAL_CRC_MspDeInit	0	static
C:/Users/erhan/Documents/Microver/MarineAppWithCAN/Core/Src/stm32h7xx_hal_msp.c:134:6:HAL_DMA2D_MspInit	16	static
C:/Users/erhan/Documents/Microver/MarineAppWithCAN/Core/Src/stm32h7xx_hal_msp.c:159:6:HAL_DMA2D_MspDeInit	0	static
C:/Users/erhan/Documents/Microver/MarineAppWithCAN/Core/Src/stm32h7xx_hal_msp.c:184:6:HAL_FDCAN_MspInit	232	static
C:/Users/erhan/Documents/Microver/MarineAppWithCAN/Core/Src/stm32h7xx_hal_msp.c:234:6:HAL_FDCAN_MspDeInit	8	static
C:/Users/erhan/Documents/Microver/MarineAppWithCAN/Core/Src/stm32h7xx_hal_msp.c:265:6:HAL_JPEG_MspInit	24	static
C:/Users/erhan/Documents/Microver/MarineAppWithCAN/Core/Src/stm32h7xx_hal_msp.c:349:6:HAL_JPEG_MspDeInit	8	static
C:/Users/erhan/Documents/Microver/MarineAppWithCAN/Core/Src/stm32h7xx_hal_msp.c:378:6:HAL_LTDC_MspInit	256	static
C:/Users/erhan/Documents/Microver/MarineAppWithCAN/Core/Src/stm32h7xx_hal_msp.c:490:6:HAL_LTDC_MspDeInit	8	static
C:/Users/erhan/Documents/Microver/MarineAppWithCAN/Core/Src/stm32h7xx_hal_msp.c:558:6:HAL_QSPI_MspInit	264	static
C:/Users/erhan/Documents/Microver/MarineAppWithCAN/Core/Src/stm32h7xx_hal_msp.c:651:6:HAL_QSPI_MspDeInit	8	static
C:/Users/erhan/Documents/Microver/MarineAppWithCAN/Core/Src/stm32h7xx_hal_msp.c:694:6:HAL_UART_MspInit	232	static
C:/Users/erhan/Documents/Microver/MarineAppWithCAN/Core/Src/stm32h7xx_hal_msp.c:741:6:HAL_UART_MspDeInit	0	static
C:/Users/erhan/Documents/Microver/MarineAppWithCAN/Core/Src/stm32h7xx_hal_msp.c:875:6:HAL_SDRAM_MspInit	240	static
C:/Users/erhan/Documents/Microver/MarineAppWithCAN/Core/Src/stm32h7xx_hal_msp.c:959:6:HAL_SDRAM_MspDeInit	8	static
