../../Middlewares/ST/touchgfx/framework/include/touchgfx/Screen.hpp:104:18:virtual void touchgfx::Screen::afterTransition()	0	static
../../Middlewares/ST/touchgfx/framework/include/touchgfx/Screen.hpp:144:18:virtual void touchgfx::Screen::handleTickEvent()	0	static
../../Middlewares/ST/touchgfx/framework/include/touchgfx/Screen.hpp:154:18:virtual void touchgfx::Screen::handleKeyEvent(uint8_t)	0	static
C:/Users/erhan/Documents/Microver/MarineAppWithCAN/TouchGFX/gui/src/homepagescreen_screen/HomePageScreenView.cpp:13:6:virtual void HomePageScreenView::tearDownScreen()	0	static
../../TouchGFX/gui/include/gui/homepagescreen_screen/HomePageScreenView.hpp:11:13:HomePageScreenView::~HomePageScreenView()	8	static
../../TouchGFX/gui/include/gui/homepagescreen_screen/HomePageScreenView.hpp:11:13:virtual HomePageScreenView::~HomePageScreenView()	8	static
C:/Users/erhan/Documents/Microver/MarineAppWithCAN/TouchGFX/gui/src/homepagescreen_screen/HomePageScreenView.cpp:3:1:HomePageScreenView::HomePageScreenView()	8	static
C:/Users/erhan/Documents/Microver/MarineAppWithCAN/TouchGFX/gui/src/homepagescreen_screen/HomePageScreenView.cpp:8:6:virtual void HomePageScreenView::setupScreen()	0	static
