../../Middlewares/ST/touchgfx/framework/include/touchgfx/Drawable.hpp:121:18:virtual void touchgfx::Drawable::invalidateContent() const	0	static
../../Middlewares/ST/touchgfx/framework/include/touchgfx/Drawable.hpp:315:18:virtual void touchgfx::Drawable::setX(int16_t)	0	static
../../Middlewares/ST/touchgfx/framework/include/touchgfx/Drawable.hpp:327:18:virtual void touchgfx::Drawable::setY(int16_t)	0	static
../../Middlewares/ST/touchgfx/framework/include/touchgfx/Drawable.hpp:356:18:virtual void touchgfx::Drawable::setWidth(int16_t)	0	static
../../Middlewares/ST/touchgfx/framework/include/touchgfx/Drawable.hpp:368:18:virtual void touchgfx::Drawable::setHeight(int16_t)	0	static
../../Middlewares/ST/touchgfx/framework/include/touchgfx/Drawable.hpp:378:18:virtual void touchgfx::Drawable::childGeometryChanged()	0	static
../../Middlewares/ST/touchgfx/framework/include/touchgfx/Drawable.hpp:401:18:virtual void touchgfx::Drawable::handleGestureEvent(const touchgfx::GestureEvent&)	0	static
../../Middlewares/ST/touchgfx/framework/include/touchgfx/Drawable.hpp:490:18:virtual void touchgfx::Drawable::handleDragEvent(const touchgfx::DragEvent&)	0	static
../../Middlewares/ST/touchgfx/framework/include/touchgfx/Drawable.hpp:501:18:virtual void touchgfx::Drawable::handleTickEvent()	0	static
../../Middlewares/ST/touchgfx/framework/include/touchgfx/Drawable.hpp:588:18:virtual void touchgfx::Drawable::moveTo(int16_t, int16_t)	0	static
../../Middlewares/ST/touchgfx/framework/include/touchgfx/containers/Container.hpp:165:23:virtual touchgfx::Drawable* touchgfx::Container::getFirstChild()	0	static
../../Middlewares/ST/touchgfx/framework/include/touchgfx/Screen.hpp:104:18:virtual void touchgfx::Screen::afterTransition()	0	static
../../Middlewares/ST/touchgfx/framework/include/touchgfx/Screen.hpp:115:18:virtual void touchgfx::Screen::tearDownScreen()	0	static
../../Middlewares/ST/touchgfx/framework/include/touchgfx/Screen.hpp:144:18:virtual void touchgfx::Screen::handleTickEvent()	0	static
../../Middlewares/ST/touchgfx/framework/include/touchgfx/Screen.hpp:154:18:virtual void touchgfx::Screen::handleKeyEvent(uint8_t)	0	static
C:/Users/erhan/Documents/Microver/MarineAppWithCAN/TouchGFX/generated/gui_generated/src/homepagescreen_screen/HomePageScreenViewBase.cpp:32:1:HomePageScreenViewBase::~HomePageScreenViewBase()	0	static
C:/Users/erhan/Documents/Microver/MarineAppWithCAN/TouchGFX/generated/gui_generated/src/homepagescreen_screen/HomePageScreenViewBase.cpp:37:6:virtual void HomePageScreenViewBase::setupScreen()	0	static
../../Middlewares/ST/touchgfx/framework/include/touchgfx/Callback.hpp:357:8:touchgfx::Callback<HomePageScreenViewBase, const touchgfx::AbstractButtonContainer&>::~Callback()	0	static
../../Middlewares/ST/touchgfx/framework/include/touchgfx/containers/buttons/ImageButtonStyle.hpp:45:7:touchgfx::ImageButtonStyle<touchgfx::ClickButtonTrigger>::~ImageButtonStyle()	0	static
../../Middlewares/ST/touchgfx/framework/include/touchgfx/Callback.hpp:386:18:void touchgfx::Callback<dest_type, T1, void, void>::execute(T1) [with dest_type = HomePageScreenViewBase; T1 = const touchgfx::AbstractButtonContainer&]	4	static
../../Middlewares/ST/touchgfx/framework/include/touchgfx/Callback.hpp:396:18:bool touchgfx::Callback<dest_type, T1, void, void>::isValid() const [with dest_type = HomePageScreenViewBase; T1 = const touchgfx::AbstractButtonContainer&]	0	static
../../Middlewares/ST/touchgfx/framework/include/touchgfx/containers/buttons/ImageButtonStyle.hpp:104:18:void touchgfx::ImageButtonStyle<T>::handleAlphaUpdated() [with T = touchgfx::ClickButtonTrigger]	0	static
../../Middlewares/ST/touchgfx/framework/include/touchgfx/containers/buttons/ImageButtonStyle.hpp:97:18:void touchgfx::ImageButtonStyle<T>::handlePressedUpdated() [with T = touchgfx::ClickButtonTrigger]	0	static
../../Middlewares/ST/touchgfx/framework/include/touchgfx/containers/buttons/ImageButtonStyle.hpp:45:7:virtual touchgfx::ImageButtonStyle<touchgfx::ClickButtonTrigger>::~ImageButtonStyle()	8	static
../../Middlewares/ST/touchgfx/framework/include/touchgfx/Callback.hpp:357:8:virtual touchgfx::Callback<HomePageScreenViewBase, const touchgfx::AbstractButtonContainer&>::~Callback()	8	static
C:/Users/erhan/Documents/Microver/MarineAppWithCAN/TouchGFX/generated/gui_generated/src/homepagescreen_screen/HomePageScreenViewBase.cpp:32:1:virtual HomePageScreenViewBase::~HomePageScreenViewBase()	8	static
C:/Users/erhan/Documents/Microver/MarineAppWithCAN/TouchGFX/generated/gui_generated/src/homepagescreen_screen/HomePageScreenViewBase.cpp:42:6:void HomePageScreenViewBase::flexButtonCallbackHandler(const touchgfx::AbstractButtonContainer&)	16	static
../../Middlewares/ST/touchgfx/framework/include/touchgfx/containers/buttons/ImageButtonStyle.hpp:61:18:void touchgfx::ImageButtonStyle<T>::setBitmaps(const touchgfx::Bitmap&, const touchgfx::Bitmap&) [with T = touchgfx::ClickButtonTrigger]	24	static
../../Middlewares/ST/touchgfx/framework/include/touchgfx/containers/buttons/AbstractButtonContainer.hpp:99:18:virtual void touchgfx::AbstractButtonContainer::executeAction()	16	static
../../Middlewares/ST/touchgfx/framework/include/touchgfx/containers/buttons/ClickButtonTrigger.hpp:47:18:virtual void touchgfx::ClickButtonTrigger::handleClickEvent(const touchgfx::ClickEvent&)	16	static
C:/Users/erhan/Documents/Microver/MarineAppWithCAN/TouchGFX/generated/gui_generated/src/homepagescreen_screen/HomePageScreenViewBase.cpp:8:1:HomePageScreenViewBase::HomePageScreenViewBase()	56	static
